csi(command: "J", params: [2], intermediate: null)
printText(11 chars): "Hello World"
csi(command: "J", params: [2], intermediate: null)
printText(11 chars): "Hello World"
csi(command: "h", params: [1], intermediate: ?)
csi(command: "l", params: [25], intermediate: ?)
csi(command: "H", params: [], intermediate: null)
csi(command: "J", params: [2], intermediate: null)
csi(command: "m", params: [], intermediate: null)
printText(72 chars): "top - 10:25:57 up 1 day,  3:23,  0 user,  load average: 0.42, 0.55, 0.52"
csi(command: "m", params: [], intermediate: null)
csi(command: "m", params: [39, 49], intermediate: null)
csi(command: "m", params: [], intermediate: null)
csi(command: "m", params: [39, 49], intermediate: null)
csi(command: "K", params: [], intermediate: null)
execute(charCode: 13)
execute(charCode: 10)
printText(6 chars): "Tasks:"
csi(command: "m", params: [], intermediate: null)
csi(command: "m", params: [39, 49], intermediate: null)
csi(command: "m", params: [1], intermediate: null)
printText(5 chars): "  10 "
csi(command: "m", params: [], intermediate: null)
csi(command: "m", params: [39, 49], intermediate: null)
printText(6 chars): "total,"
csi(command: "m", params: [], intermediate: null)
csi(command: "m", params: [39, 49], intermediate: null)
csi(command: "m", params: [1], intermediate: null)
printText(5 chars): "   1 "
csi(command: "m", params: [], intermediate: null)
csi(command: "m", params: [39, 49], intermediate: null)
printText(8 chars): "running,"
csi(command: "m", params: [], intermediate: null)
csi(command: "m", params: [39, 49], intermediate: null)
csi(command: "m", params: [1], intermediate: null)
printText(5 chars): "   9 "
csi(command: "m", params: [], intermediate: null)
csi(command: "m", params: [39, 49], intermediate: null)
printText(9 chars): "sleeping,"
csi(command: "m", params: [], intermediate: null)
csi(command: "m", params: [39, 49], intermediate: null)
csi(command: "m", params: [1], intermediate: null)
printText(5 chars): "   0 "
csi(command: "m", params: [], intermediate: null)
csi(command: "m", params: [39, 49], intermediate: null)
printText(8 chars): "stopped,"
csi(command: "m", params: [], intermediate: null)
csi(command: "m", params: [39, 49], intermediate: null)
csi(command: "m", params: [1], intermediate: null)
printText(5 chars): "   0 "
csi(command: "m", params: [], intermediate: null)
csi(command: "m", params: [39, 49], intermediate: null)
printText(6 chars): "zombie"
csi(command: "m", params: [], intermediate: null)
csi(command: "m", params: [39, 49], intermediate: null)
csi(command: "m", params: [], intermediate: null)
csi(command: "m", params: [39, 49], intermediate: null)
csi(command: "K", params: [], intermediate: null)
execute(charCode: 13)
execute(charCode: 10)
printText(8 chars): "%Cpu(s):"
csi(command: "m", params: [], intermediate: null)
csi(command: "m", params: [39, 49], intermediate: null)
csi(command: "m", params: [1], intermediate: null)
printText(6 chars): "  8.1 "
csi(command: "m", params: [], intermediate: null)
csi(command: "m", params: [39, 49], intermediate: null)
printText(3 chars): "us,"
csi(command: "m", params: [], intermediate: null)
csi(command: "m", params: [39, 49], intermediate: null)
csi(command: "m", params: [1], intermediate: null)
printText(6 chars): "  3.3 "
csi(command: "m", params: [], intermediate: null)
csi(command: "m", params: [39, 49], intermediate: null)
printText(3 chars): "sy,"
csi(command: "m", params: [], intermediate: null)
csi(command: "m", params: [39, 49], intermediate: null)
csi(command: "m", params: [1], intermediate: null)
printText(6 chars): "  0.0 "
csi(command: "m", params: [], intermediate: null)
csi(command: "m", params: [39, 49], intermediate: null)
printText(3 chars): "ni,"
csi(command: "m", params: [], intermediate: null)
csi(command: "m", params: [39, 49], intermediate: null)
csi(command: "m", params: [1], intermediate: null)
printText(6 chars): " 88.6 "
csi(command: "m", params: [], intermediate: null)
csi(command: "m", params: [39, 49], intermediate: null)
printText(3 chars): "id,"
csi(command: "m", params: [], intermediate: null)
csi(command: "m", params: [39, 49], intermediate: null)
csi(command: "m", params: [1], intermediate: null)
printText(6 chars): "  0.0 "
csi(command: "m", params: [], intermediate: null)
csi(command: "m", params: [39, 49], intermediate: null)
printText(3 chars): "wa,"
csi(command: "m", params: [], intermediate: null)
csi(command: "m", params: [39, 49], intermediate: null)
csi(command: "m", params: [1], intermediate: null)
printText(6 chars): "  0.0 "
csi(command: "m", params: [], intermediate: null)
csi(command: "m", params: [39, 49], intermediate: null)
printText(3 chars): "hi,"
csi(command: "m", params: [], intermediate: null)
csi(command: "m", params: [39, 49], intermediate: null)
csi(command: "m", params: [1], intermediate: null)
printText(6 chars): "  0.0 "
csi(command: "m", params: [], intermediate: null)
csi(command: "m", params: [39, 49], intermediate: null)
printText(3 chars): "si,"
csi(command: "m", params: [], intermediate: null)
csi(command: "m", params: [39, 49], intermediate: null)
csi(command: "m", params: [1], intermediate: null)
printText(6 chars): "  0.0 "
csi(command: "m", params: [], intermediate: null)
csi(command: "m", params: [39, 49], intermediate: null)
printText(2 chars): "st"
csi(command: "m", params: [], intermediate: null)
csi(command: "m", params: [39, 49], intermediate: null)
csi(command: "m", params: [], intermediate: null)
printText(1 chars): " "
csi(command: "m", params: [], intermediate: null)
csi(command: "m", params: [39, 49], intermediate: null)
csi(command: "m", params: [], intermediate: null)
csi(command: "m", params: [39, 49], intermediate: null)
csi(command: "K", params: [], intermediate: null)
execute(charCode: 13)
execute(charCode: 10)
printText(9 chars): "MiB Mem :"
csi(command: "m", params: [], intermediate: null)
csi(command: "m", params: [39, 49], intermediate: null)
csi(command: "m", params: [1], intermediate: null)
printText(10 chars): "  32014.1 "
csi(command: "m", params: [], intermediate: null)
csi(command: "m", params: [39, 49], intermediate: null)
printText(6 chars): "total,"
csi(command: "m", params: [], intermediate: null)
csi(command: "m", params: [39, 49], intermediate: null)
csi(command: "m", params: [1], intermediate: null)
printText(10 chars): "   5854.8 "
csi(command: "m", params: [], intermediate: null)
csi(command: "m", params: [39, 49], intermediate: null)
printText(5 chars): "free,"
csi(command: "m", params: [], intermediate: null)
csi(command: "m", params: [39, 49], intermediate: null)
csi(command: "m", params: [1], intermediate: null)
printText(10 chars): "  13388.6 "
csi(command: "m", params: [], intermediate: null)
csi(command: "m", params: [39, 49], intermediate: null)
printText(5 chars): "used,"
csi(command: "m", params: [], intermediate: null)
csi(command: "m", params: [39, 49], intermediate: null)
csi(command: "m", params: [1], intermediate: null)
printText(10 chars): "  13731.3 "
csi(command: "m", params: [], intermediate: null)
csi(command: "m", params: [39, 49], intermediate: null)
printText(10 chars): "buff/cache"
csi(command: "m", params: [], intermediate: null)
csi(command: "m", params: [39, 49], intermediate: null)
csi(command: "m", params: [], intermediate: null)
printText(1 chars): " "
csi(command: "m", params: [], intermediate: null)
csi(command: "m", params: [39, 49], intermediate: null)
csi(command: "m", params: [], intermediate: null)
printText(4 chars): "    "
csi(command: "m", params: [], intermediate: null)
csi(command: "m", params: [39, 49], intermediate: null)
csi(command: "m", params: [], intermediate: null)
csi(command: "m", params: [39, 49], intermediate: null)
csi(command: "K", params: [], intermediate: null)
execute(charCode: 13)
execute(charCode: 10)
printText(9 chars): "MiB Swap:"
csi(command: "m", params: [], intermediate: null)
csi(command: "m", params: [39, 49], intermediate: null)
csi(command: "m", params: [1], intermediate: null)
printText(10 chars): "      0.0 "
csi(command: "m", params: [], intermediate: null)
csi(command: "m", params: [39, 49], intermediate: null)
printText(6 chars): "total,"
csi(command: "m", params: [], intermediate: null)
csi(command: "m", params: [39, 49], intermediate: null)
csi(command: "m", params: [1], intermediate: null)
printText(10 chars): "      0.0 "
csi(command: "m", params: [], intermediate: null)
csi(command: "m", params: [39, 49], intermediate: null)
printText(5 chars): "free,"
csi(command: "m", params: [], intermediate: null)
csi(command: "m", params: [39, 49], intermediate: null)
csi(command: "m", params: [1], intermediate: null)
printText(10 chars): "      0.0 "
csi(command: "m", params: [], intermediate: null)
csi(command: "m", params: [39, 49], intermediate: null)
printText(5 chars): "used."
csi(command: "m", params: [], intermediate: null)
csi(command: "m", params: [39, 49], intermediate: null)
csi(command: "m", params: [1], intermediate: null)
printText(10 chars): "  18625.5 "
csi(command: "m", params: [], intermediate: null)
csi(command: "m", params: [39, 49], intermediate: null)
printText(10 chars): "avail Mem "
csi(command: "m", params: [], intermediate: null)
csi(command: "m", params: [39, 49], intermediate: null)
csi(command: "m", params: [], intermediate: null)
csi(command: "m", params: [39, 49], intermediate: null)
csi(command: "K", params: [], intermediate: null)
execute(charCode: 13)
execute(charCode: 10)
csi(command: "K", params: [], intermediate: null)
execute(charCode: 13)
execute(charCode: 10)
csi(command: "m", params: [7], intermediate: null)
printText(89 chars): "    PID USER      PR  NI    VIRT    RES    SHR S  %CPU  %MEM     TIME+ COMMAND           "
csi(command: "m", params: [], intermediate: null)
csi(command: "m", params: [39, 49], intermediate: null)
csi(command: "K", params: [], intermediate: null)
execute(charCode: 13)
execute(charCode: 10)
csi(command: "m", params: [], intermediate: null)
printText(89 chars): "   4520 coder     20   0 1297500 502008  65400 S  20.0   1.5   0:08.32 dart:pty_exampl   "
csi(command: "m", params: [], intermediate: null)
csi(command: "m", params: [39, 49], intermediate: null)
csi(command: "K", params: [], intermediate: null)
execute(charCode: 13)
execute(charCode: 10)
csi(command: "m", params: [], intermediate: null)
printText(89 chars): "   1512 coder     20   0 5025412 344700 121692 S  10.0   1.1  19:23.74 agy               "
csi(command: "m", params: [], intermediate: null)
csi(command: "m", params: [39, 49], intermediate: null)
csi(command: "K", params: [], intermediate: null)
execute(charCode: 13)
execute(charCode: 10)
csi(command: "m", params: [], intermediate: null)
printText(89 chars): "      1 coder     20   0   11888   5224   4528 S   0.0   0.0   0:00.01 tmux: client      "
csi(command: "m", params: [], intermediate: null)
csi(command: "m", params: [39, 49], intermediate: null)
csi(command: "K", params: [], intermediate: null)
execute(charCode: 13)
execute(charCode: 10)
csi(command: "m", params: [], intermediate: null)
printText(89 chars): "     35 coder     20   0   16472   8648   3420 S   0.0   0.0   0:18.62 tmux: server      "
csi(command: "m", params: [], intermediate: null)
csi(command: "m", params: [39, 49], intermediate: null)
csi(command: "K", params: [], intermediate: null)
execute(charCode: 13)
execute(charCode: 10)
csi(command: "m", params: [], intermediate: null)
printText(89 chars): "     51 coder     20   0   13584   7352   5420 S   0.0   0.0   0:00.14 zsh               "
csi(command: "m", params: [], intermediate: null)
csi(command: "m", params: [39, 49], intermediate: null)
csi(command: "K", params: [], intermediate: null)
execute(charCode: 13)
execute(charCode: 10)
csi(command: "m", params: [], intermediate: null)
printText(89 chars): "     99 coder     20   0   11884   5064   4372 S   0.0   0.0   0:00.00 tmux: client      "
csi(command: "m", params: [], intermediate: null)
csi(command: "m", params: [39, 49], intermediate: null)
csi(command: "K", params: [], intermediate: null)
execute(charCode: 13)
execute(charCode: 10)
csi(command: "m", params: [], intermediate: null)
printText(89 chars): "    208 coder     20   0   13600   7596   5564 S   0.0   0.0   0:00.28 zsh               "
csi(command: "m", params: [], intermediate: null)
csi(command: "m", params: [39, 49], intermediate: null)
csi(command: "K", params: [], intermediate: null)
execute(charCode: 13)
execute(charCode: 10)
csi(command: "m", params: [], intermediate: null)
printText(89 chars): "   1861 coder     20   0   11884   5224   4532 S   0.0   0.0   0:00.00 tmux: client      "
csi(command: "m", params: [], intermediate: null)
csi(command: "m", params: [39, 49], intermediate: null)
csi(command: "K", params: [], intermediate: null)
execute(charCode: 13)
execute(charCode: 10)
csi(command: "m", params: [], intermediate: null)
printText(89 chars): "   3137 coder     20   0   13592   7444   5508 S   0.0   0.0   0:00.18 zsh               "
csi(command: "m", params: [], intermediate: null)
csi(command: "m", params: [39, 49], intermediate: null)
csi(command: "K", params: [], intermediate: null)
execute(charCode: 13)
execute(charCode: 10)
csi(command: "m", params: [], intermediate: null)
csi(command: "m", params: [1], intermediate: null)
printText(89 chars): "   4555 coder     20   0   11860   5572   3392 R   0.0   0.0   0:00.01 top               "
csi(command: "m", params: [], intermediate: null)
csi(command: "m", params: [39, 49], intermediate: null)
csi(command: "K", params: [], intermediate: null)
execute(charCode: 13)
execute(charCode: 10)
csi(command: "J", params: [], intermediate: null)
csi(command: "H", params: [], intermediate: null)
csi(command: "m", params: [], intermediate: null)
printText(72 chars): "top - 10:26:00 up 1 day,  3:23,  0 user,  load average: 0.42, 0.55, 0.52"
csi(command: "m", params: [], intermediate: null)
csi(command: "m", params: [39, 49], intermediate: null)
csi(command: "m", params: [], intermediate: null)
csi(command: "m", params: [39, 49], intermediate: null)
csi(command: "K", params: [], intermediate: null)
execute(charCode: 13)
execute(charCode: 10)
execute(charCode: 13)
execute(charCode: 10)
printText(8 chars): "%Cpu(s):"
csi(command: "m", params: [], intermediate: null)
csi(command: "m", params: [39, 49], intermediate: null)
csi(command: "m", params: [1], intermediate: null)
printText(6 chars): "  1.2 "
csi(command: "m", params: [], intermediate: null)
csi(command: "m", params: [39, 49], intermediate: null)
printText(3 chars): "us,"
csi(command: "m", params: [], intermediate: null)
csi(command: "m", params: [39, 49], intermediate: null)
csi(command: "m", params: [1], intermediate: null)
printText(6 chars): "  0.5 "
csi(command: "m", params: [], intermediate: null)
csi(command: "m", params: [39, 49], intermediate: null)
printText(3 chars): "sy,"
csi(command: "m", params: [], intermediate: null)
csi(command: "m", params: [39, 49], intermediate: null)
csi(command: "m", params: [1], intermediate: null)
printText(6 chars): "  0.0 "
csi(command: "m", params: [], intermediate: null)
csi(command: "m", params: [39, 49], intermediate: null)
printText(3 chars): "ni,"
csi(command: "m", params: [], intermediate: null)
csi(command: "m", params: [39, 49], intermediate: null)
csi(command: "m", params: [1], intermediate: null)
printText(6 chars): " 98.4 "
csi(command: "m", params: [], intermediate: null)
csi(command: "m", params: [39, 49], intermediate: null)
printText(3 chars): "id,"
csi(command: "m", params: [], intermediate: null)
csi(command: "m", params: [39, 49], intermediate: null)
csi(command: "m", params: [1], intermediate: null)
printText(6 chars): "  0.0 "
csi(command: "m", params: [], intermediate: null)
csi(command: "m", params: [39, 49], intermediate: null)
printText(3 chars): "wa,"
csi(command: "m", params: [], intermediate: null)
csi(command: "m", params: [39, 49], intermediate: null)
csi(command: "m", params: [1], intermediate: null)
printText(6 chars): "  0.0 "
csi(command: "m", params: [], intermediate: null)
csi(command: "m", params: [39, 49], intermediate: null)
printText(3 chars): "hi,"
csi(command: "m", params: [], intermediate: null)
csi(command: "m", params: [39, 49], intermediate: null)
csi(command: "m", params: [1], intermediate: null)
printText(6 chars): "  0.0 "
csi(command: "m", params: [], intermediate: null)
csi(command: "m", params: [39, 49], intermediate: null)
printText(3 chars): "si,"
csi(command: "m", params: [], intermediate: null)
csi(command: "m", params: [39, 49], intermediate: null)
csi(command: "m", params: [1], intermediate: null)
printText(6 chars): "  0.0 "
csi(command: "m", params: [], intermediate: null)
csi(command: "m", params: [39, 49], intermediate: null)
printText(2 chars): "st"
csi(command: "m", params: [], intermediate: null)
csi(command: "m", params: [39, 49], intermediate: null)
csi(command: "m", params: [], intermediate: null)
printText(1 chars): " "
csi(command: "m", params: [], intermediate: null)
csi(command: "m", params: [39, 49], intermediate: null)
csi(command: "m", params: [], intermediate: null)
csi(command: "m", params: [39, 49], intermediate: null)
csi(command: "K", params: [], intermediate: null)
execute(charCode: 13)
execute(charCode: 10)
printText(9 chars): "MiB Mem :"
csi(command: "m", params: [], intermediate: null)
csi(command: "m", params: [39, 49], intermediate: null)
csi(command: "m", params: [1], intermediate: null)
printText(10 chars): "  32014.1 "
csi(command: "m", params: [], intermediate: null)
csi(command: "m", params: [39, 49], intermediate: null)
printText(6 chars): "total,"
csi(command: "m", params: [], intermediate: null)
csi(command: "m", params: [39, 49], intermediate: null)
csi(command: "m", params: [1], intermediate: null)
printText(10 chars): "   5907.2 "
csi(command: "m", params: [], intermediate: null)
csi(command: "m", params: [39, 49], intermediate: null)
printText(5 chars): "free,"
csi(command: "m", params: [], intermediate: null)
csi(command: "m", params: [39, 49], intermediate: null)
csi(command: "m", params: [1], intermediate: null)
printText(10 chars): "  13336.2 "
csi(command: "m", params: [], intermediate: null)
csi(command: "m", params: [39, 49], intermediate: null)
printText(5 chars): "used,"
csi(command: "m", params: [], intermediate: null)
csi(command: "m", params: [39, 49], intermediate: null)
csi(command: "m", params: [1], intermediate: null)
printText(10 chars): "  13731.4 "
csi(command: "m", params: [], intermediate: null)
csi(command: "m", params: [39, 49], intermediate: null)
printText(10 chars): "buff/cache"
csi(command: "m", params: [], intermediate: null)
csi(command: "m", params: [39, 49], intermediate: null)
csi(command: "m", params: [], intermediate: null)
printText(1 chars): " "
csi(command: "m", params: [], intermediate: null)
csi(command: "m", params: [39, 49], intermediate: null)
csi(command: "m", params: [], intermediate: null)
printText(4 chars): "    "
csi(command: "m", params: [], intermediate: null)
csi(command: "m", params: [39, 49], intermediate: null)
csi(command: "m", params: [], intermediate: null)
csi(command: "m", params: [39, 49], intermediate: null)
csi(command: "K", params: [], intermediate: null)
execute(charCode: 13)
execute(charCode: 10)
printText(9 chars): "MiB Swap:"
csi(command: "m", params: [], intermediate: null)
csi(command: "m", params: [39, 49], intermediate: null)
csi(command: "m", params: [1], intermediate: null)
printText(10 chars): "      0.0 "
csi(command: "m", params: [], intermediate: null)
csi(command: "m", params: [39, 49], intermediate: null)
printText(6 chars): "total,"
csi(command: "m", params: [], intermediate: null)
csi(command: "m", params: [39, 49], intermediate: null)
csi(command: "m", params: [1], intermediate: null)
printText(10 chars): "      0.0 "
csi(command: "m", params: [], intermediate: null)
csi(command: "m", params: [39, 49], intermediate: null)
printText(5 chars): "free,"
csi(command: "m", params: [], intermediate: null)
csi(command: "m", params: [39, 49], intermediate: null)
csi(command: "m", params: [1], intermediate: null)
printText(10 chars): "      0.0 "
csi(command: "m", params: [], intermediate: null)
csi(command: "m", params: [39, 49], intermediate: null)
printText(5 chars): "used."
csi(command: "m", params: [], intermediate: null)
csi(command: "m", params: [39, 49], intermediate: null)
csi(command: "m", params: [1], intermediate: null)
printText(10 chars): "  18677.9 "
csi(command: "m", params: [], intermediate: null)
csi(command: "m", params: [39, 49], intermediate: null)
printText(10 chars): "avail Mem "
csi(command: "m", params: [], intermediate: null)
csi(command: "m", params: [39, 49], intermediate: null)
csi(command: "m", params: [], intermediate: null)
csi(command: "m", params: [39, 49], intermediate: null)
csi(command: "K", params: [], intermediate: null)
execute(charCode: 13)
execute(charCode: 10)
csi(command: "K", params: [], intermediate: null)
execute(charCode: 13)
execute(charCode: 10)
execute(charCode: 13)
execute(charCode: 10)
csi(command: "m", params: [], intermediate: null)
printText(89 chars): "   1512 coder     20   0 5025412 348264 121692 S  11.0   1.1  19:24.07 agy               "
csi(command: "m", params: [], intermediate: null)
csi(command: "m", params: [39, 49], intermediate: null)
csi(command: "K", params: [], intermediate: null)
execute(charCode: 13)
execute(charCode: 10)
csi(command: "m", params: [], intermediate: null)
printText(89 chars): "   4520 coder     20   0 1297500 502032  65400 S   0.3   1.5   0:08.33 dart:pty_exampl   "
csi(command: "m", params: [], intermediate: null)
csi(command: "m", params: [39, 49], intermediate: null)
csi(command: "K", params: [], intermediate: null)
execute(charCode: 13)
execute(charCode: 10)
execute(charCode: 13)
execute(charCode: 10)
execute(charCode: 13)
execute(charCode: 10)
execute(charCode: 13)
execute(charCode: 10)
execute(charCode: 13)
execute(charCode: 10)
execute(charCode: 13)
execute(charCode: 10)
execute(charCode: 13)
execute(charCode: 10)
execute(charCode: 13)
execute(charCode: 10)
csi(command: "m", params: [], intermediate: null)
csi(command: "m", params: [1], intermediate: null)
printText(89 chars): "   4555 coder     20   0   11860   5704   3520 R   0.0   0.0   0:00.01 top               "
csi(command: "m", params: [], intermediate: null)
csi(command: "m", params: [39, 49], intermediate: null)
csi(command: "K", params: [], intermediate: null)
execute(charCode: 13)
execute(charCode: 10)
csi(command: "J", params: [], intermediate: null)
csi(command: "H", params: [], intermediate: null)
csi(command: "m", params: [], intermediate: null)
printText(72 chars): "top - 10:26:03 up 1 day,  3:23,  0 user,  load average: 0.46, 0.56, 0.52"
csi(command: "m", params: [], intermediate: null)
csi(command: "m", params: [39, 49], intermediate: null)
csi(command: "m", params: [], intermediate: null)
csi(command: "m", params: [39, 49], intermediate: null)
csi(command: "K", params: [], intermediate: null)
execute(charCode: 13)
execute(charCode: 10)
execute(charCode: 13)
execute(charCode: 10)
printText(8 chars): "%Cpu(s):"
csi(command: "m", params: [], intermediate: null)
csi(command: "m", params: [39, 49], intermediate: null)
csi(command: "m", params: [1], intermediate: null)
printText(6 chars): "  1.2 "
csi(command: "m", params: [], intermediate: null)
csi(command: "m", params: [39, 49], intermediate: null)
printText(3 chars): "us,"
csi(command: "m", params: [], intermediate: null)
csi(command: "m", params: [39, 49], intermediate: null)
csi(command: "m", params: [1], intermediate: null)
printText(6 chars): "  0.6 "
csi(command: "m", params: [], intermediate: null)
csi(command: "m", params: [39, 49], intermediate: null)
printText(3 chars): "sy,"
csi(command: "m", params: [], intermediate: null)
csi(command: "m", params: [39, 49], intermediate: null)
csi(command: "m", params: [1], intermediate: null)
printText(6 chars): "  0.0 "
csi(command: "m", params: [], intermediate: null)
csi(command: "m", params: [39, 49], intermediate: null)
printText(3 chars): "ni,"
csi(command: "m", params: [], intermediate: null)
csi(command: "m", params: [39, 49], intermediate: null)
csi(command: "m", params: [1], intermediate: null)
printText(6 chars): " 98.1 "
csi(command: "m", params: [], intermediate: null)
csi(command: "m", params: [39, 49], intermediate: null)
printText(3 chars): "id,"
csi(command: "m", params: [], intermediate: null)
csi(command: "m", params: [39, 49], intermediate: null)
csi(command: "m", params: [1], intermediate: null)
printText(6 chars): "  0.1 "
csi(command: "m", params: [], intermediate: null)
csi(command: "m", params: [39, 49], intermediate: null)
printText(3 chars): "wa,"
csi(command: "m", params: [], intermediate: null)
csi(command: "m", params: [39, 49], intermediate: null)
csi(command: "m", params: [1], intermediate: null)
printText(6 chars): "  0.0 "
csi(command: "m", params: [], intermediate: null)
csi(command: "m", params: [39, 49], intermediate: null)
printText(3 chars): "hi,"
csi(command: "m", params: [], intermediate: null)
csi(command: "m", params: [39, 49], intermediate: null)
csi(command: "m", params: [1], intermediate: null)
printText(6 chars): "  0.0 "
csi(command: "m", params: [], intermediate: null)
csi(command: "m", params: [39, 49], intermediate: null)
printText(3 chars): "si,"
csi(command: "m", params: [], intermediate: null)
csi(command: "m", params: [39, 49], intermediate: null)
csi(command: "m", params: [1], intermediate: null)
printText(6 chars): "  0.0 "
csi(command: "m", params: [], intermediate: null)
csi(command: "m", params: [39, 49], intermediate: null)
printText(2 chars): "st"
csi(command: "m", params: [], intermediate: null)
csi(command: "m", params: [39, 49], intermediate: null)
csi(command: "m", params: [], intermediate: null)
printText(1 chars): " "
csi(command: "m", params: [], intermediate: null)
csi(command: "m", params: [39, 49], intermediate: null)
csi(command: "m", params: [], intermediate: null)
csi(command: "m", params: [39, 49], intermediate: null)
csi(command: "K", params: [], intermediate: null)
execute(charCode: 13)
execute(charCode: 10)
printText(9 chars): "MiB Mem :"
csi(command: "m", params: [], intermediate: null)
csi(command: "m", params: [39, 49], intermediate: null)
csi(command: "m", params: [1], intermediate: null)
printText(10 chars): "  32014.1 "
csi(command: "m", params: [], intermediate: null)
csi(command: "m", params: [39, 49], intermediate: null)
printText(6 chars): "total,"
csi(command: "m", params: [], intermediate: null)
csi(command: "m", params: [39, 49], intermediate: null)
csi(command: "m", params: [1], intermediate: null)
printText(10 chars): "   5981.2 "
csi(command: "m", params: [], intermediate: null)
csi(command: "m", params: [39, 49], intermediate: null)
printText(5 chars): "free,"
csi(command: "m", params: [], intermediate: null)
csi(command: "m", params: [39, 49], intermediate: null)
csi(command: "m", params: [1], intermediate: null)
printText(10 chars): "  13262.2 "
csi(command: "m", params: [], intermediate: null)
csi(command: "m", params: [39, 49], intermediate: null)
printText(5 chars): "used,"
csi(command: "m", params: [], intermediate: null)
csi(command: "m", params: [39, 49], intermediate: null)
csi(command: "m", params: [1], intermediate: null)
printText(10 chars): "  13731.4 "
csi(command: "m", params: [], intermediate: null)
csi(command: "m", params: [39, 49], intermediate: null)
printText(10 chars): "buff/cache"
csi(command: "m", params: [], intermediate: null)
csi(command: "m", params: [39, 49], intermediate: null)
csi(command: "m", params: [], intermediate: null)
printText(1 chars): " "
csi(command: "m", params: [], intermediate: null)
csi(command: "m", params: [39, 49], intermediate: null)
csi(command: "m", params: [], intermediate: null)
printText(4 chars): "    "
csi(command: "m", params: [], intermediate: null)
csi(command: "m", params: [39, 49], intermediate: null)
csi(command: "m", params: [], intermediate: null)
csi(command: "m", params: [39, 49], intermediate: null)
csi(command: "K", params: [], intermediate: null)
execute(charCode: 13)
execute(charCode: 10)
printText(9 chars): "MiB Swap:"
csi(command: "m", params: [], intermediate: null)
csi(command: "m", params: [39, 49], intermediate: null)
csi(command: "m", params: [1], intermediate: null)
printText(10 chars): "      0.0 "
csi(command: "m", params: [], intermediate: null)
csi(command: "m", params: [39, 49], intermediate: null)
printText(6 chars): "total,"
csi(command: "m", params: [], intermediate: null)
csi(command: "m", params: [39, 49], intermediate: null)
csi(command: "m", params: [1], intermediate: null)
printText(10 chars): "      0.0 "
csi(command: "m", params: [], intermediate: null)
csi(command: "m", params: [39, 49], intermediate: null)
printText(5 chars): "free,"
csi(command: "m", params: [], intermediate: null)
csi(command: "m", params: [39, 49], intermediate: null)
csi(command: "m", params: [1], intermediate: null)
printText(10 chars): "      0.0 "
csi(command: "m", params: [], intermediate: null)
csi(command: "m", params: [39, 49], intermediate: null)
printText(5 chars): "used."
csi(command: "m", params: [], intermediate: null)
csi(command: "m", params: [39, 49], intermediate: null)
csi(command: "m", params: [1], intermediate: null)
printText(10 chars): "  18751.9 "
csi(command: "m", params: [], intermediate: null)
csi(command: "m", params: [39, 49], intermediate: null)
printText(10 chars): "avail Mem "
csi(command: "m", params: [], intermediate: null)
csi(command: "m", params: [39, 49], intermediate: null)
csi(command: "m", params: [], intermediate: null)
csi(command: "m", params: [39, 49], intermediate: null)
csi(command: "K", params: [], intermediate: null)
execute(charCode: 13)
execute(charCode: 10)
csi(command: "K", params: [], intermediate: null)
execute(charCode: 13)
execute(charCode: 10)
execute(charCode: 13)
execute(charCode: 10)
csi(command: "m", params: [], intermediate: null)
printText(89 chars): "   1512 coder     20   0 5025412 345760 121692 S  10.0   1.1  19:24.37 agy               "
csi(command: "m", params: [], intermediate: null)
csi(command: "m", params: [39, 49], intermediate: null)
csi(command: "K", params: [], intermediate: null)
execute(charCode: 13)
execute(charCode: 10)
csi(command: "m", params: [], intermediate: null)
printText(89 chars): "   4520 coder     20   0 1297500 502004  65400 S   0.7   1.5   0:08.35 dart:pty_exampl   "
csi(command: "m", params: [], intermediate: null)
csi(command: "m", params: [39, 49], intermediate: null)
csi(command: "K", params: [], intermediate: null)
execute(charCode: 13)
execute(charCode: 10)
execute(charCode: 13)
execute(charCode: 10)
execute(charCode: 13)
execute(charCode: 10)
execute(charCode: 13)
execute(charCode: 10)
execute(charCode: 13)
execute(charCode: 10)
execute(charCode: 13)
execute(charCode: 10)
execute(charCode: 13)
execute(charCode: 10)
execute(charCode: 13)
execute(charCode: 10)
execute(charCode: 13)
execute(charCode: 10)
csi(command: "J", params: [], intermediate: null)
csi(command: "H", params: [], intermediate: null)
csi(command: "m", params: [], intermediate: null)
printText(72 chars): "top - 10:26:06 up 1 day,  3:23,  0 user,  load average: 0.46, 0.56, 0.52"
csi(command: "m", params: [], intermediate: null)
csi(command: "m", params: [39, 49], intermediate: null)
csi(command: "m", params: [], intermediate: null)
csi(command: "m", params: [39, 49], intermediate: null)
csi(command: "K", params: [], intermediate: null)
execute(charCode: 13)
execute(charCode: 10)
execute(charCode: 13)
execute(charCode: 10)
printText(8 chars): "%Cpu(s):"
csi(command: "m", params: [], intermediate: null)
csi(command: "m", params: [39, 49], intermediate: null)
csi(command: "m", params: [1], intermediate: null)
printText(6 chars): "  1.0 "
csi(command: "m", params: [], intermediate: null)
csi(command: "m", params: [39, 49], intermediate: null)
printText(3 chars): "us,"
csi(command: "m", params: [], intermediate: null)
csi(command: "m", params: [39, 49], intermediate: null)
csi(command: "m", params: [1], intermediate: null)
printText(6 chars): "  0.4 "
csi(command: "m", params: [], intermediate: null)
csi(command: "m", params: [39, 49], intermediate: null)
printText(3 chars): "sy,"
csi(command: "m", params: [], intermediate: null)
csi(command: "m", params: [39, 49], intermediate: null)
csi(command: "m", params: [1], intermediate: null)
printText(6 chars): "  0.0 "
csi(command: "m", params: [], intermediate: null)
csi(command: "m", params: [39, 49], intermediate: null)
printText(3 chars): "ni,"
csi(command: "m", params: [], intermediate: null)
csi(command: "m", params: [39, 49], intermediate: null)
csi(command: "m", params: [1], intermediate: null)
printText(6 chars): " 98.5 "
csi(command: "m", params: [], intermediate: null)
csi(command: "m", params: [39, 49], intermediate: null)
printText(3 chars): "id,"
csi(command: "m", params: [], intermediate: null)
csi(command: "m", params: [39, 49], intermediate: null)
csi(command: "m", params: [1], intermediate: null)
printText(6 chars): "  0.0 "
csi(command: "m", params: [], intermediate: null)
csi(command: "m", params: [39, 49], intermediate: null)
printText(3 chars): "wa,"
csi(command: "m", params: [], intermediate: null)
csi(command: "m", params: [39, 49], intermediate: null)
csi(command: "m", params: [1], intermediate: null)
printText(6 chars): "  0.0 "
csi(command: "m", params: [], intermediate: null)
csi(command: "m", params: [39, 49], intermediate: null)
printText(3 chars): "hi,"
csi(command: "m", params: [], intermediate: null)
csi(command: "m", params: [39, 49], intermediate: null)
csi(command: "m", params: [1], intermediate: null)
printText(6 chars): "  0.0 "
csi(command: "m", params: [], intermediate: null)
csi(command: "m", params: [39, 49], intermediate: null)
printText(3 chars): "si,"
csi(command: "m", params: [], intermediate: null)
csi(command: "m", params: [39, 49], intermediate: null)
csi(command: "m", params: [1], intermediate: null)
printText(6 chars): "  0.0 "
csi(command: "m", params: [], intermediate: null)
csi(command: "m", params: [39, 49], intermediate: null)
printText(2 chars): "st"
csi(command: "m", params: [], intermediate: null)
csi(command: "m", params: [39, 49], intermediate: null)
csi(command: "m", params: [], intermediate: null)
printText(1 chars): " "
csi(command: "m", params: [], intermediate: null)
csi(command: "m", params: [39, 49], intermediate: null)
csi(command: "m", params: [], intermediate: null)
csi(command: "m", params: [39, 49], intermediate: null)
csi(command: "K", params: [], intermediate: null)
execute(charCode: 13)
execute(charCode: 10)
printText(9 chars): "MiB Mem :"
csi(command: "m", params: [], intermediate: null)
csi(command: "m", params: [39, 49], intermediate: null)
csi(command: "m", params: [1], intermediate: null)
printText(10 chars): "  32014.1 "
csi(command: "m", params: [], intermediate: null)
csi(command: "m", params: [39, 49], intermediate: null)
printText(6 chars): "total,"
csi(command: "m", params: [], intermediate: null)
csi(command: "m", params: [39, 49], intermediate: null)
csi(command: "m", params: [1], intermediate: null)
printText(10 chars): "   6031.2 "
csi(command: "m", params: [], intermediate: null)
csi(command: "m", params: [39, 49], intermediate: null)
printText(5 chars): "free,"
csi(command: "m", params: [], intermediate: null)
csi(command: "m", params: [39, 49], intermediate: null)
csi(command: "m", params: [1], intermediate: null)
printText(10 chars): "  13212.2 "
csi(command: "m", params: [], intermediate: null)
csi(command: "m", params: [39, 49], intermediate: null)
printText(5 chars): "used,"
csi(command: "m", params: [], intermediate: null)
csi(command: "m", params: [39, 49], intermediate: null)
csi(command: "m", params: [1], intermediate: null)
printText(10 chars): "  13731.4 "
csi(command: "m", params: [], intermediate: null)
csi(command: "m", params: [39, 49], intermediate: null)
printText(10 chars): "buff/cache"
csi(command: "m", params: [], intermediate: null)
csi(command: "m", params: [39, 49], intermediate: null)
csi(command: "m", params: [], intermediate: null)
printText(1 chars): " "
csi(command: "m", params: [], intermediate: null)
csi(command: "m", params: [39, 49], intermediate: null)
csi(command: "m", params: [], intermediate: null)
printText(4 chars): "    "
csi(command: "m", params: [], intermediate: null)
csi(command: "m", params: [39, 49], intermediate: null)
csi(command: "m", params: [], intermediate: null)
csi(command: "m", params: [39, 49], intermediate: null)
csi(command: "K", params: [], intermediate: null)
execute(charCode: 13)
execute(charCode: 10)
printText(9 chars): "MiB Swap:"
csi(command: "m", params: [], intermediate: null)
csi(command: "m", params: [39, 49], intermediate: null)
csi(command: "m", params: [1], intermediate: null)
printText(10 chars): "      0.0 "
csi(command: "m", params: [], intermediate: null)
csi(command: "m", params: [39, 49], intermediate: null)
printText(6 chars): "total,"
csi(command: "m", params: [], intermediate: null)
csi(command: "m", params: [39, 49], intermediate: null)
csi(command: "m", params: [1], intermediate: null)
printText(10 chars): "      0.0 "
csi(command: "m", params: [], intermediate: null)
csi(command: "m", params: [39, 49], intermediate: null)
printText(5 chars): "free,"
csi(command: "m", params: [], intermediate: null)
csi(command: "m", params: [39, 49], intermediate: null)
csi(command: "m", params: [1], intermediate: null)
printText(10 chars): "      0.0 "
csi(command: "m", params: [], intermediate: null)
csi(command: "m", params: [39, 49], intermediate: null)
printText(5 chars): "used."
csi(command: "m", params: [], intermediate: null)
csi(command: "m", params: [39, 49], intermediate: null)
csi(command: "m", params: [1], intermediate: null)
printText(10 chars): "  18801.9 "
csi(command: "m", params: [], intermediate: null)
csi(command: "m", params: [39, 49], intermediate: null)
printText(10 chars): "avail Mem "
csi(command: "m", params: [], intermediate: null)
csi(command: "m", params: [39, 49], intermediate: null)
csi(command: "m", params: [], intermediate: null)
csi(command: "m", params: [39, 49], intermediate: null)
csi(command: "K", params: [], intermediate: null)
execute(charCode: 13)
execute(charCode: 10)
csi(command: "K", params: [], intermediate: null)
execute(charCode: 13)
execute(charCode: 10)
execute(charCode: 13)
execute(charCode: 10)
csi(command: "m", params: [], intermediate: null)
printText(89 chars): "   1512 coder     20   0 5025412 347848 121692 S   9.6   1.1  19:24.66 agy               "
csi(command: "m", params: [], intermediate: null)
csi(command: "m", params: [39, 49], intermediate: null)
csi(command: "K", params: [], intermediate: null)
execute(charCode: 13)
execute(charCode: 10)
csi(command: "m", params: [], intermediate: null)
printText(89 chars): "   4520 coder     20   0 1297500 505724  65400 S   0.7   1.5   0:08.37 dart:pty_exampl   "
csi(command: "m", params: [], intermediate: null)
csi(command: "m", params: [39, 49], intermediate: null)
csi(command: "K", params: [], intermediate: null)
execute(charCode: 13)
execute(charCode: 10)
execute(charCode: 13)
execute(charCode: 10)
execute(charCode: 13)
execute(charCode: 10)
execute(charCode: 13)
execute(charCode: 10)
execute(charCode: 13)
execute(charCode: 10)
execute(charCode: 13)
execute(charCode: 10)
execute(charCode: 13)
execute(charCode: 10)
execute(charCode: 13)
execute(charCode: 10)
execute(charCode: 13)
execute(charCode: 10)
csi(command: "J", params: [], intermediate: null)
